\BOOKMARK [1][-]{section.1}{\376\377\000I\000n\000t\000r\000o\000d\000u\000z\000i\000o\000n\000e}{}% 1
\BOOKMARK [1][-]{section.2}{\376\377\000U\000t\000i\000l\000i\000z\000z\000o\000\040\000d\000e\000l\000l\000a\000\040\000w\000e\000b\000\040\000a\000p\000p\000\040\000l\000a\000t\000o\000\040\000u\000t\000e\000n\000t\000e}{}% 2
\BOOKMARK [2][-]{subsection.2.1}{\376\377\000A\000c\000c\000e\000s\000s\000o\000\040\000i\000n\000i\000z\000i\000a\000l\000e}{section.2}% 3
\BOOKMARK [2][-]{subsection.2.2}{\376\377\000R\000e\000g\000i\000s\000t\000r\000a\000z\000i\000o\000n\000e\000\040\000d\000i\000\040\000u\000n\000\040\000n\000u\000o\000v\000o\000\040\000u\000t\000e\000n\000t\000e}{section.2}% 4
\BOOKMARK [2][-]{subsection.2.3}{\376\377\000I\000m\000m\000a\000g\000i\000n\000e\000\040\000p\000r\000o\000f\000i\000l\000o}{section.2}% 5
\BOOKMARK [2][-]{subsection.2.4}{\376\377\000N\000a\000v\000i\000g\000a\000z\000i\000o\000n\000e\000\040\000t\000r\000a\000\040\000s\000e\000r\000v\000e\000r\000\040\000e\000\040\000c\000a\000n\000a\000l\000i}{section.2}% 6
\BOOKMARK [2][-]{subsection.2.5}{\376\377\000I\000n\000v\000i\000t\000o\000\040\000t\000r\000a\000m\000i\000t\000e\000\040\000l\000i\000n\000k}{section.2}% 7
\BOOKMARK [2][-]{subsection.2.6}{\376\377\000C\000r\000e\000a\000z\000i\000o\000n\000e\000\040\000d\000i\000\040\000u\000n\000\040\000s\000e\000r\000v\000e\000r}{section.2}% 8
\BOOKMARK [2][-]{subsection.2.7}{\376\377\000I\000n\000v\000i\000o\000\040\000e\000\040\000l\000e\000t\000t\000u\000r\000a\000\040\000d\000e\000i\000\040\000m\000e\000s\000s\000a\000g\000g\000i}{section.2}% 9
\BOOKMARK [2][-]{subsection.2.8}{\376\377\000S\000t\000a\000t\000o\000\040\000d\000e\000l\000l\000a\000\040\000c\000o\000n\000n\000e\000s\000s\000i\000o\000n\000e}{section.2}% 10
\BOOKMARK [2][-]{subsection.2.9}{\376\377\000G\000i\000o\000c\000o\000\040\000p\000r\000i\000v\000a\000t\000o\000\040\000d\000e\000l\000\040\000T\000r\000i\000s}{section.2}% 11
\BOOKMARK [2][-]{subsection.2.10}{\376\377\000P\000a\000n\000n\000e\000l\000l\000o\000\040\000a\000m\000m\000i\000n\000i\000s\000t\000r\000a\000t\000i\000v\000o}{section.2}% 12
\BOOKMARK [1][-]{section.3}{\376\377\000C\000a\000r\000a\000t\000t\000e\000r\000i\000s\000t\000i\000c\000h\000e\000\040\000f\000u\000n\000z\000i\000o\000n\000a\000l\000i}{}% 13
\BOOKMARK [2][-]{subsection.3.1}{\376\377\000A\000u\000t\000e\000n\000t\000i\000c\000a\000z\000i\000o\000n\000e\000\040\000u\000t\000e\000n\000t\000i}{section.3}% 14
\BOOKMARK [2][-]{subsection.3.2}{\376\377\000U\000n\000i\000v\000e\000r\000s\000i\000t\000\340}{section.3}% 15
\BOOKMARK [2][-]{subsection.3.3}{\376\377\000S\000e\000r\000v\000e\000r}{section.3}% 16
\BOOKMARK [2][-]{subsection.3.4}{\376\377\000C\000a\000n\000a\000l\000i}{section.3}% 17
\BOOKMARK [2][-]{subsection.3.5}{\376\377\000M\000e\000s\000s\000a\000g\000g\000i}{section.3}% 18
\BOOKMARK [1][-]{section.4}{\376\377\000A\000r\000c\000h\000i\000t\000e\000t\000t\000u\000r\000a\000\040\000d\000e\000l\000\040\000p\000r\000o\000g\000e\000t\000t\000o}{}% 19
\BOOKMARK [1][-]{section.5}{\376\377\000F\000r\000o\000n\000t\000-\000e\000n\000d}{}% 20
\BOOKMARK [2][-]{subsection.5.1}{\376\377\000S\000t\000r\000u\000t\000t\000u\000r\000a\000\040\000H\000T\000M\000L}{section.5}% 21
\BOOKMARK [2][-]{subsection.5.2}{\376\377\000S\000t\000i\000l\000e\000\040\000g\000r\000a\000f\000i\000c\000o}{section.5}% 22
\BOOKMARK [2][-]{subsection.5.3}{\376\377\000L\000o\000g\000i\000c\000a\000\040\000J\000a\000v\000a\000S\000c\000r\000i\000p\000t}{section.5}% 23
\BOOKMARK [1][-]{section.6}{\376\377\000B\000a\000c\000k\000-\000e\000n\000d}{}% 24
\BOOKMARK [2][-]{subsection.6.1}{\376\377\000N\000o\000d\000e\000.\000j\000s\000\040\000e\000d\000\040\000E\000x\000p\000r\000e\000s\000s}{section.6}% 25
\BOOKMARK [2][-]{subsection.6.2}{\376\377\000C\000o\000n\000f\000i\000g\000u\000r\000a\000z\000i\000o\000n\000e}{section.6}% 26
\BOOKMARK [2][-]{subsection.6.3}{\376\377\000C\000o\000n\000t\000r\000o\000l\000l\000e\000r\000,\000\040\000r\000o\000u\000t\000e\000\040\000e\000\040\000m\000i\000d\000d\000l\000e\000w\000a\000r\000e}{section.6}% 27
\BOOKMARK [1][-]{section.7}{\376\377\000D\000a\000t\000a\000b\000a\000s\000e}{}% 28
\BOOKMARK [2][-]{subsection.7.1}{\376\377\000T\000e\000c\000n\000o\000l\000o\000g\000i\000e}{section.7}% 29
\BOOKMARK [2][-]{subsection.7.2}{\376\377\000M\000o\000d\000e\000l\000l\000o\000\040\000d\000a\000t\000i}{section.7}% 30
\BOOKMARK [1][-]{section.8}{\376\377\000S\000i\000c\000u\000r\000e\000z\000z\000a}{}% 31
\BOOKMARK [2][-]{subsection.8.1}{\376\377\000P\000a\000s\000s\000w\000o\000r\000d}{section.8}% 32
\BOOKMARK [2][-]{subsection.8.2}{\376\377\000T\000o\000k\000e\000n\000\040\000d\000i\000\040\000s\000e\000s\000s\000i\000o\000n\000e}{section.8}% 33
\BOOKMARK [2][-]{subsection.8.3}{\376\377\000D\000a\000t\000i\000\040\000a\000p\000p\000l\000i\000c\000a\000t\000i\000v\000i}{section.8}% 34
\BOOKMARK [2][-]{subsection.8.4}{\376\377\000A\000d\000m\000i\000n}{section.8}% 35
\BOOKMARK [1][-]{section.9}{\376\377\000R\000e\000a\000l\000t\000i\000m\000e\000\040\000c\000o\000n\000\040\000S\000o\000c\000k\000e\000t\000.\000I\000O}{}% 36
\BOOKMARK [1][-]{section.10}{\376\377\000D\000o\000c\000k\000e\000r\000\040\000e\000\040\000a\000m\000b\000i\000e\000n\000t\000e\000\040\000l\000o\000c\000a\000l\000e}{}% 37
\BOOKMARK [1][-]{section.11}{\376\377\000S\000c\000e\000l\000t\000e\000\040\000p\000r\000o\000g\000e\000t\000t\000u\000a\000l\000i}{}% 38
\BOOKMARK [2][-]{subsection.11.1}{\376\377\000S\000e\000p\000a\000r\000a\000z\000i\000o\000n\000e\000\040\000f\000r\000o\000n\000t\000-\000e\000n\000d\000/\000b\000a\000c\000k\000-\000e\000n\000d}{section.11}% 39
\BOOKMARK [2][-]{subsection.11.2}{\376\377\000R\000E\000S\000T\000\040\000p\000e\000r\000\040\000o\000p\000e\000r\000a\000z\000i\000o\000n\000i\000\040\000p\000e\000r\000s\000i\000s\000t\000e\000n\000t\000i}{section.11}% 40
\BOOKMARK [2][-]{subsection.11.3}{\376\377\000S\000o\000c\000k\000e\000t\000.\000I\000O\000\040\000p\000e\000r\000\040\000r\000e\000a\000l\000t\000i\000m\000e}{section.11}% 41
\BOOKMARK [2][-]{subsection.11.4}{\376\377\000P\000o\000s\000t\000g\000r\000e\000S\000Q\000L\000\040\000e\000\040\000P\000r\000i\000s\000m\000a}{section.11}% 42
\BOOKMARK [2][-]{subsection.11.5}{\376\377\000T\000r\000i\000s\000\040\000i\000n\000\040\000m\000e\000m\000o\000r\000i\000a}{section.11}% 43
\BOOKMARK [2][-]{subsection.11.6}{\376\377\000A\000d\000m\000i\000n\000\040\000c\000o\000n\000\040\000c\000o\000d\000i\000c\000e\000\040\000d\000i\000\040\000s\000e\000t\000u\000p}{section.11}% 44
\BOOKMARK [1][-]{section.12}{\376\377\000L\000i\000m\000i\000t\000i\000\040\000a\000t\000t\000u\000a\000l\000i\000\040\000e\000\040\000p\000o\000s\000s\000i\000b\000i\000l\000i\000\040\000e\000s\000t\000e\000n\000s\000i\000o\000n\000i}{}% 45
\BOOKMARK [1][-]{section.13}{\376\377\000C\000o\000n\000c\000l\000u\000s\000i\000o\000n\000e}{}% 46
